<?xml version="1.0" encoding="UTF-8"?>
<testsuites name="jest tests" tests="10" failures="0" errors="0" time="2.271">
  <testsuite name="ExcalidrawWidget document synchronization" errors="0" failures="0" skipped="0" timestamp="2026-08-06T03:34:33" time="1.476" tests="6">
    <testcase classname="ExcalidrawWidget document synchronization initializes an empty model with native Excalidraw JSON" name="ExcalidrawWidget document synchronization initializes an empty model with native Excalidraw JSON" time="0.006">
    </testcase>
    <testcase classname="ExcalidrawWidget document synchronization debounces scene changes and ignores its own model update" name="ExcalidrawWidget document synchronization debounces scene changes and ignores its own model update" time="0.002">
    </testcase>
    <testcase classname="ExcalidrawWidget document synchronization does not save pending changes when disposed" name="ExcalidrawWidget document synchronization does not save pending changes when disposed" time="0">
    </testcase>
    <testcase classname="ExcalidrawWidget document synchronization flushes the current scene from the save menu item" name="ExcalidrawWidget document synchronization flushes the current scene from the save menu item" time="0.002">
    </testcase>
    <testcase classname="ExcalidrawWidget document synchronization loads external model changes for a clean editor remount" name="ExcalidrawWidget document synchronization loads external model changes for a clean editor remount" time="0.001">
    </testcase>
    <testcase classname="ExcalidrawWidget document synchronization uses the active JupyterLab theme" name="ExcalidrawWidget document synchronization uses the active JupyterLab theme" time="0">
    </testcase>
  </testsuite>
  <testsuite name="Excalidraw file persistence" errors="0" failures="0" skipped="0" timestamp="2026-08-06T03:34:35" time="0.041" tests="4">
    <testcase classname="Excalidraw file persistence represents a new empty document without parsing" name="Excalidraw file persistence represents a new empty document without parsing" time="0">
    </testcase>
    <testcase classname="Excalidraw file persistence loads native Excalidraw JSON through the official loader" name="Excalidraw file persistence loads native Excalidraw JSON through the official loader" time="0">
    </testcase>
    <testcase classname="Excalidraw file persistence serializes the complete local scene including files" name="Excalidraw file persistence serializes the complete local scene including files" time="0.001">
    </testcase>
    <testcase classname="Excalidraw file persistence reports invalid files clearly" name="Excalidraw file persistence reports invalid files clearly" time="0.002">
    </testcase>
  </testsuite>
</testsuites>